{
  "inbounds": [
    {
      "listen": "127.0.0.1",
      "listen_port": 20006,
      "tag": "node-7",
      "transport": {
        "path": "/ws",
        "type": "ws"
      },
      "type": "vless",
      "users": [
        {
          "name": "default",
          "uuid": "00000000-0000-4000-8000-000000000000"
        }
      ]
    }
  ],
  "log": {
    "level": "info",
    "timestamp": true
  }
}
